127.0.0.1 - - [26/Jan/2024:11:59:13 +0900] "GET / HTTP/1.1" 404 896
127.0.0.1 - - [26/Jan/2024:12:12:22 +0900] "GET / HTTP/1.1" 404 896
0:0:0:0:0:0:0:1 - - [26/Jan/2024:12:13:40 +0900] "GET /web/index.html HTTP/1.1" 200 148
0:0:0:0:0:0:0:1 - - [26/Jan/2024:12:13:40 +0900] "GET /favicon.ico HTTP/1.1" 404 907
127.0.0.1 - - [26/Jan/2024:13:37:16 +0900] "GET / HTTP/1.1" 404 896
0:0:0:0:0:0:0:1 - - [26/Jan/2024:13:37:32 +0900] "GET /web/index.html HTTP/1.1" 304 -
0:0:0:0:0:0:0:1 - - [26/Jan/2024:13:38:04 +0900] "GET /ex-web/user/myPage.html HTTP/1.1" 404 927
127.0.0.1 - - [26/Jan/2024:13:39:08 +0900] "GET / HTTP/1.1" 404 896
0:0:0:0:0:0:0:1 - - [26/Jan/2024:13:39:18 +0900] "GET /ex-web/user/myPage.html HTTP/1.1" 404 927
127.0.0.1 - - [26/Jan/2024:13:43:27 +0900] "GET / HTTP/1.1" 404 896
0:0:0:0:0:0:0:1 - - [26/Jan/2024:13:43:37 +0900] "GET /ex-web/user/myPage.html HTTP/1.1" 404 927
0:0:0:0:0:0:0:1 - - [26/Jan/2024:13:43:39 +0900] "GET /ex-web/user/myPage.html HTTP/1.1" 404 927
127.0.0.1 - - [26/Jan/2024:13:44:33 +0900] "GET / HTTP/1.1" 404 896
127.0.0.1 - - [26/Jan/2024:13:44:43 +0900] "GET / HTTP/1.1" 404 896
0:0:0:0:0:0:0:1 - - [26/Jan/2024:13:44:46 +0900] "GET /ex-web/user/myPage.html HTTP/1.1" 404 927
0:0:0:0:0:0:0:1 - - [26/Jan/2024:13:44:47 +0900] "GET /ex-web/user/myPage.html HTTP/1.1" 404 927
127.0.0.1 - - [26/Jan/2024:13:45:35 +0900] "GET / HTTP/1.1" 404 896
127.0.0.1 - - [26/Jan/2024:13:46:26 +0900] "GET / HTTP/1.1" 404 896
0:0:0:0:0:0:0:1 - - [26/Jan/2024:13:46:43 +0900] "GET /ex-web/user/myPage.html HTTP/1.1" 404 927
127.0.0.1 - - [26/Jan/2024:13:48:11 +0900] "GET / HTTP/1.1" 404 896
0:0:0:0:0:0:0:1 - - [26/Jan/2024:13:48:33 +0900] "GET /ex-web/user/myPage.html HTTP/1.1" 404 927
0:0:0:0:0:0:0:1 - - [26/Jan/2024:13:49:28 +0900] "GET /ex-web/user/myPage.html HTTP/1.1" 404 927
0:0:0:0:0:0:0:1 - - [26/Jan/2024:13:59:46 +0900] "GET /ex-web/user/myPage.html HTTP/1.1" 404 927
127.0.0.1 - - [26/Jan/2024:14:00:13 +0900] "GET / HTTP/1.1" 404 896
0:0:0:0:0:0:0:1 - - [26/Jan/2024:14:00:25 +0900] "GET /ex-web/user/myPage.html HTTP/1.1" 404 927
127.0.0.1 - - [26/Jan/2024:14:01:41 +0900] "GET / HTTP/1.1" 404 896
127.0.0.1 - - [26/Jan/2024:14:01:52 +0900] "GET / HTTP/1.1" 404 896
0:0:0:0:0:0:0:1 - - [26/Jan/2024:14:01:56 +0900] "GET /ex-web/user/myPage.html HTTP/1.1" 200 187
127.0.0.1 - - [26/Jan/2024:14:02:27 +0900] "GET / HTTP/1.1" 404 896
0:0:0:0:0:0:0:1 - - [26/Jan/2024:14:02:31 +0900] "GET /ex-web/user/myPage.html HTTP/1.1" 304 -
0:0:0:0:0:0:0:1 - - [26/Jan/2024:14:02:44 +0900] "GET /ex-web/user/image.html HTTP/1.1" 200 161
0:0:0:0:0:0:0:1 - - [26/Jan/2024:14:02:44 +0900] "GET /ex-web/akari/kotowaza_gorimuchu.png HTTP/1.1" 404 939
0:0:0:0:0:0:0:1 - - [26/Jan/2024:14:05:12 +0900] "GET /ex-web/user/myPage.html HTTP/1.1" 200 229
0:0:0:0:0:0:0:1 - - [26/Jan/2024:14:05:12 +0900] "GET /ex-web/img/kotowaza_gorimuchu.png HTTP/1.1" 200 681529
0:0:0:0:0:0:0:1 - - [26/Jan/2024:14:05:38 +0900] "GET /ex-web/user/myPage.html HTTP/1.1" 304 -
0:0:0:0:0:0:0:1 - - [26/Jan/2024:14:05:38 +0900] "GET /ex-web/img/kotowaza_gorimuchu.png HTTP/1.1" 304 -
0:0:0:0:0:0:0:1 - - [26/Jan/2024:14:05:41 +0900] "GET /ex-web/user/myPage.html HTTP/1.1" 304 -
0:0:0:0:0:0:0:1 - - [26/Jan/2024:14:05:48 +0900] "GET /ex-web/user/myPage.html HTTP/1.1" 200 244
0:0:0:0:0:0:0:1 - - [26/Jan/2024:14:05:48 +0900] "GET /ex-web/img/kotowaza_gorimuchu.png HTTP/1.1" 304 -
0:0:0:0:0:0:0:1 - - [26/Jan/2024:14:06:19 +0900] "GET /ex-web/user/myPage.html HTTP/1.1" 200 198
0:0:0:0:0:0:0:1 - - [26/Jan/2024:14:06:30 +0900] "GET /ex-web/user/img.html HTTP/1.1" 404 924
0:0:0:0:0:0:0:1 - - [26/Jan/2024:14:06:54 +0900] "GET /ex-web/user/image.html HTTP/1.1" 200 244
0:0:0:0:0:0:0:1 - - [26/Jan/2024:14:06:54 +0900] "GET /ex-web/img/kotowaza_gorimuchu.png HTTP/1.1" 304 -
127.0.0.1 - - [26/Jan/2024:14:30:10 +0900] "GET / HTTP/1.1" 404 896
0:0:0:0:0:0:0:1 - - [26/Jan/2024:14:31:29 +0900] "GET /web_basic/HelloServlet/user/ HTTP/1.1" 404 936
0:0:0:0:0:0:0:1 - - [26/Jan/2024:14:31:55 +0900] "GET /web_basic/HelloServlet HTTP/1.1" 500 3495
0:0:0:0:0:0:0:1 - - [26/Jan/2024:14:32:23 +0900] "GET /web_basic/HelloServlet HTTP/1.1" 404 803
127.0.0.1 - - [26/Jan/2024:14:32:31 +0900] "GET / HTTP/1.1" 404 896
0:0:0:0:0:0:0:1 - - [26/Jan/2024:14:32:34 +0900] "GET /web_basic/HelloServlet HTTP/1.1" 500 3495
0:0:0:0:0:0:0:1 - - [26/Jan/2024:14:32:35 +0900] "GET /web_basic/HelloServlet HTTP/1.1" 404 803
0:0:0:0:0:0:0:1 - - [26/Jan/2024:14:32:36 +0900] "GET /web_basic/HelloServlet HTTP/1.1" 404 803
127.0.0.1 - - [26/Jan/2024:14:32:47 +0900] "GET / HTTP/1.1" 404 896
0:0:0:0:0:0:0:1 - - [26/Jan/2024:14:33:02 +0900] "GET /web_basic/HelloServlet HTTP/1.1" 500 3495
127.0.0.1 - - [26/Jan/2024:14:34:11 +0900] "GET / HTTP/1.1" 404 896
0:0:0:0:0:0:0:1 - - [26/Jan/2024:14:34:12 +0900] "GET /web_basic/HelloServlet HTTP/1.1" 500 3495
127.0.0.1 - - [26/Jan/2024:14:34:22 +0900] "GET / HTTP/1.1" 404 896
127.0.0.1 - - [26/Jan/2024:14:36:26 +0900] "GET / HTTP/1.1" 404 896
127.0.0.1 - - [26/Jan/2024:14:38:49 +0900] "GET / HTTP/1.1" 404 896
0:0:0:0:0:0:0:1 - - [26/Jan/2024:14:38:53 +0900] "GET /web_basic/HelloServlet HTTP/1.1" 200 15
127.0.0.1 - - [26/Jan/2024:15:19:48 +0900] "GET / HTTP/1.1" 404 896
0:0:0:0:0:0:0:1 - - [26/Jan/2024:15:20:12 +0900] "GET /web_basic/view/ch06/hello.jsp HTTP/1.1" 404 909
0:0:0:0:0:0:0:1 - - [26/Jan/2024:15:21:09 +0900] "GET /web_basic/view/ch06/hello.jsp HTTP/1.1" 404 909
127.0.0.1 - - [26/Jan/2024:15:21:22 +0900] "GET / HTTP/1.1" 404 896
0:0:0:0:0:0:0:1 - - [26/Jan/2024:15:21:30 +0900] "GET /web_basic/view/ch06/hello.jsp HTTP/1.1" 404 909
127.0.0.1 - - [26/Jan/2024:15:22:38 +0900] "GET / HTTP/1.1" 404 896
0:0:0:0:0:0:0:1 - - [26/Jan/2024:15:22:41 +0900] "GET /web_basic/view/ch06/hello.jsp HTTP/1.1" 200 89
0:0:0:0:0:0:0:1 - - [26/Jan/2024:15:31:37 +0900] "GET /web_basic/UseForwardServlet1 HTTP/1.1" 404 928
127.0.0.1 - - [26/Jan/2024:15:34:54 +0900] "GET / HTTP/1.1" 404 896
0:0:0:0:0:0:0:1 - - [26/Jan/2024:15:34:58 +0900] "GET /web_basic/UseForwardServlet1 HTTP/1.1" 500 3498
127.0.0.1 - - [26/Jan/2024:15:35:45 +0900] "GET / HTTP/1.1" 404 896
0:0:0:0:0:0:0:1 - - [26/Jan/2024:15:35:47 +0900] "GET /web_basic/UseForwardServlet1 HTTP/1.1" 500 3498
0:0:0:0:0:0:0:1 - - [26/Jan/2024:15:35:47 +0900] "GET /web_basic/UseForwardServlet1 HTTP/1.1" 404 803
127.0.0.1 - - [26/Jan/2024:15:36:59 +0900] "GET / HTTP/1.1" 404 896
0:0:0:0:0:0:0:1 - - [26/Jan/2024:15:37:04 +0900] "GET /web_basic/UseForwardServlet1 HTTP/1.1" 500 3498
0:0:0:0:0:0:0:1 - - [26/Jan/2024:15:37:06 +0900] "GET /web_basic/UseForwardServlet1 HTTP/1.1" 404 803
0:0:0:0:0:0:0:1 - - [26/Jan/2024:15:37:07 +0900] "GET /web_basic/UseForwardServlet1 HTTP/1.1" 404 803
127.0.0.1 - - [26/Jan/2024:15:38:22 +0900] "GET / HTTP/1.1" 404 896
0:0:0:0:0:0:0:1 - - [26/Jan/2024:15:38:30 +0900] "GET /web_basic/UseForwardServlet1 HTTP/1.1" 500 3498
0:0:0:0:0:0:0:1 - - [26/Jan/2024:15:40:20 +0900] "GET /web_basic/src/main/webapp/WEB-INF/src/UseForwardServlet1 HTTP/1.1" 404 976
0:0:0:0:0:0:0:1 - - [26/Jan/2024:15:40:35 +0900] "GET /web_basic/src/main/webapp/WEB-INF/src/ch09/UseForwardServlet1 HTTP/1.1" 404 985
0:0:0:0:0:0:0:1 - - [26/Jan/2024:15:42:12 +0900] "GET /web_basic/src/main/webapp/WEB-INF/view/ch06/UseForward HTTP/1.1" 404 978
0:0:0:0:0:0:0:1 - - [26/Jan/2024:15:42:31 +0900] "GET /web_basic/src/main/webapp/WEB-INF/view/ch06/useForward.jsp HTTP/1.1" 404 954
0:0:0:0:0:0:0:1 - - [26/Jan/2024:15:43:32 +0900] "GET /web_basic/src/main/webapp/view/ch06/useForward.jsp HTTP/1.1" 404 942
0:0:0:0:0:0:0:1 - - [26/Jan/2024:15:45:20 +0900] "GET /web_basic/UseForwardServlet1.jsp HTTP/1.1" 404 904
0:0:0:0:0:0:0:1 - - [26/Jan/2024:15:45:39 +0900] "GET /web_basic/UseForwardServlet1.java HTTP/1.1" 404 933
0:0:0:0:0:0:0:1 - - [26/Jan/2024:15:45:43 +0900] "GET /web_basic/UseForwardServlet1 HTTP/1.1" 404 803
127.0.0.1 - - [26/Jan/2024:15:52:17 +0900] "GET / HTTP/1.1" 404 896
0:0:0:0:0:0:0:1 - - [26/Jan/2024:15:52:23 +0900] "GET /web_basic/UseForwardServlet1 HTTP/1.1" 200 147
0:0:0:0:0:0:0:1 - - [26/Jan/2024:16:02:43 +0900] "GET /web_basic/UseRequestServlet1 HTTP/1.1" 404 928
127.0.0.1 - - [26/Jan/2024:16:03:47 +0900] "GET / HTTP/1.1" 404 896
0:0:0:0:0:0:0:1 - - [26/Jan/2024:16:03:51 +0900] "GET /web_basic/UseRequestServlet1 HTTP/1.1" 200 173
0:0:0:0:0:0:0:1 - - [26/Jan/2024:16:03:51 +0900] "GET /web_basic/UseRequestServlet1 HTTP/1.1" 200 173
127.0.0.1 - - [26/Jan/2024:16:09:21 +0900] "GET / HTTP/1.1" 404 896
0:0:0:0:0:0:0:1 - - [26/Jan/2024:16:09:30 +0900] "GET /web_basic/UseRequestServlet1 HTTP/1.1" 200 173
0:0:0:0:0:0:0:1 - - [26/Jan/2024:16:09:33 +0900] "GET /web_basic/UseRequestServlet1 HTTP/1.1" 200 173
0:0:0:0:0:0:0:1 - - [26/Jan/2024:16:09:43 +0900] "GET /web_basic/UseRequestServlet2 HTTP/1.1" 404 928
127.0.0.1 - - [26/Jan/2024:16:11:37 +0900] "GET / HTTP/1.1" 404 896
0:0:0:0:0:0:0:1 - - [26/Jan/2024:16:11:44 +0900] "GET /web_basic/UseRequestServlet2 HTTP/1.1" 200 176
0:0:0:0:0:0:0:1 - - [26/Jan/2024:16:11:45 +0900] "GET /web_basic/UseRequestServlet2 HTTP/1.1" 200 176
127.0.0.1 - - [26/Jan/2024:17:27:26 +0900] "GET / HTTP/1.1" 404 896
0:0:0:0:0:0:0:1 - - [26/Jan/2024:17:27:51 +0900] "GET /web_basic/MathRequestServlet1 HTTP/1.1" 404 929
0:0:0:0:0:0:0:1 - - [26/Jan/2024:17:30:16 +0900] "GET /web_basic/MathRequestServlet1 HTTP/1.1" 404 929
0:0:0:0:0:0:0:1 - - [26/Jan/2024:17:30:19 +0900] "GET /web_basic/MathRequestServlet1 HTTP/1.1" 404 929
127.0.0.1 - - [26/Jan/2024:17:30:27 +0900] "GET / HTTP/1.1" 404 896
0:0:0:0:0:0:0:1 - - [26/Jan/2024:17:30:32 +0900] "GET /web_basic/MathRequestServlet1 HTTP/1.1" 200 103
0:0:0:0:0:0:0:1 - - [26/Jan/2024:17:30:35 +0900] "GET /web_basic/MathRequestServlet1 HTTP/1.1" 200 103
0:0:0:0:0:0:0:1 - - [26/Jan/2024:17:31:22 +0900] "GET /web_basic/MathRequestServlet1 HTTP/1.1" 200 103
0:0:0:0:0:0:0:1 - - [26/Jan/2024:17:31:24 +0900] "GET /web_basic/MathRequestServlet1 HTTP/1.1" 200 103
0:0:0:0:0:0:0:1 - - [26/Jan/2024:17:31:28 +0900] "GET /web_basic/MathRequestServlet1 HTTP/1.1" 200 101
0:0:0:0:0:0:0:1 - - [26/Jan/2024:17:31:37 +0900] "GET /web_basic/MathRequestServlet1 HTTP/1.1" 200 101
0:0:0:0:0:0:0:1 - - [26/Jan/2024:17:32:09 +0900] "GET /web_basic/MathRequestServlet1 HTTP/1.1" 200 108
0:0:0:0:0:0:0:1 - - [26/Jan/2024:17:32:10 +0900] "GET /web_basic/MathRequestServlet1 HTTP/1.1" 200 108
0:0:0:0:0:0:0:1 - - [26/Jan/2024:17:32:31 +0900] "GET /web_basic/MathRequestServlet1 HTTP/1.1" 200 104
0:0:0:0:0:0:0:1 - - [26/Jan/2024:17:32:51 +0900] "GET /web_basic/MathRequestServlet1 HTTP/1.1" 200 104
0:0:0:0:0:0:0:1 - - [26/Jan/2024:17:34:46 +0900] "GET /web_basic/MathRequestServlet1 HTTP/1.1" 200 98
0:0:0:0:0:0:0:1 - - [26/Jan/2024:17:35:02 +0900] "GET /web_basic/MathRequestServlet1 HTTP/1.1" 200 108
0:0:0:0:0:0:0:1 - - [26/Jan/2024:17:36:29 +0900] "GET /web_basic/MathRequestServlet1 HTTP/1.1" 200 101
0:0:0:0:0:0:0:1 - - [26/Jan/2024:17:36:40 +0900] "GET /web_basic/MathRequestServlet1 HTTP/1.1" 200 99
